should enable Prometheus Rule:
  1: |
    apiVersion: monitoring.coreos.com/v1
    kind: PrometheusRule
    metadata:
      labels:
        app.kubernetes.io/instance: RELEASE-NAME
        app.kubernetes.io/managed-by: Helm
        app.kubernetes.io/name: kubernetes-access-gateway
        app.kubernetes.io/version: 0.1.0
        helm.sh/chart: kubernetes-access-gateway-0.1.0
      name: RELEASE-NAME-kubernetes-access-gateway
    spec:
      groups:
        - name: RELEASE-NAME-kubernetes-access-gateway
          rules:
            - alert: TestAlert
              expr: vector(1)
